
> frontend@0.1.0 build
> next build

   Ôû▓ Next.js 15.5.2
   - Environments: .env

   Creating an optimized production build ...
 Ô£ô Compiled successfully in 4.0s
   Linting and checking validity of types ...
   Collecting page data ...
   Generating static pages (0/25) ...
node.exe : Error occurred 
prerendering page "/list/careers". 
Read more: https://nextjs.org/docs/mes
sages/prerender-error
At line:1 char:1
+ & "C:\nvm4w\nodejs/node.exe" "C:\nvm
4w\nodejs/node_modules/npm/bin/np ...
+ ~~~~~~~~~~~~~~~~~~~~~~~~~~~~~~~~~~~~
~~~~~~~~~~~~~~~~~~~~~~~~~~~~~~~~~
    + CategoryInfo          : NotSpec 
   ified: (Error occurred ...prerend  
  er-error:String) [], RemoteExcept   
 ion
    + FullyQualifiedErrorId : NativeC 
   ommandError
 
Error: Event handlers cannot be 
passed to Client Component props.
  {type: "text", placeholder: ..., 
className: ..., onChange: function 
onChange}
                                      
                       
^^^^^^^^^^^^^^^^^
If you need interactivity, consider 
converting part of this to a Client 
Component.
    at stringify (<anonymous>) {
  digest: '325447177'
}
Export encountered an error on 
/(dashboard)/list/careers/page: 
/list/careers, exiting the build.
 Ô¿» Next.js build worker exited with 
code: 1 and signal: null
