[env] success loaded
2026-03-04 16:21:22:2122 [32m[32minfo[32m[39m: [32m[32mÔ£à Brevo email service initialized[32m[39m
[dotenv@17.2.2] injecting env (0) from .env -- tip: ­ƒôí version env with Radar: https://dotenvx.com/radar
­ƒÜÇ Iniciando prueba de Brevo...
API KEY cargada: true
Email remitente: santiagotorres@unimayor.edu.co
2026-03-04 16:21:22:2122 [32m[32minfo[32m[39m: [32m[32mÔ£à Database connected successfully[32m[39m
2026-03-04 16:21:23:2123 [31m[31merror[31m[39m: [31m[31mFailed to send confirmation email to santiagotorres@unimayor.edu.co:[31m[39m
node.exe : ÔØî Ocurri├│ un 
error al enviar el correo:
At line:1 char:1
+ & "C:\nvm4w\nodejs/node.exe" "
C:\nvm4w\nodejs/node_modules/npm
/bin/np ...
+ ~~~~~~~~~~~~~~~~~~~~~~~~~~~~~~
~~~~~~~~~~~~~~~~~~~~~~~~~~~~~~~~
~~~~~~~
    + CategoryInfo          : N 
   otSpecified: (ÔØî Ocurri├│   
  un...viar el correo::String   
 ) [], RemoteException
    + FullyQualifiedErrorId : N 
   ativeCommandError
 
Email sending failed: Request 
failed with status code 403
