src/auth/__tests__/auth.controller.test.ts(55,15): error TS2339: Property 'user' does not exist on type 'PrismaClient<PrismaClientOptions, LogLevel, DefaultArgs>'.
src/auth/__tests__/auth.controller.test.ts(56,15): error TS2339: Property 'user' does not exist on type 'PrismaClient<PrismaClientOptions, LogLevel, DefaultArgs>'.
src/auth/__tests__/auth.controller.test.ts(84,15): error TS2339: Property 'user' does not exist on type 'PrismaClient<PrismaClientOptions, LogLevel, DefaultArgs>'.
src/auth/__tests__/auth.controller.test.ts(85,15): error TS2339: Property 'user' does not exist on type 'PrismaClient<PrismaClientOptions, LogLevel, DefaultArgs>'.
src/auth/__tests__/auth.controller.test.ts(114,15): error TS2339: Property 'user' does not exist on type 'PrismaClient<PrismaClientOptions, LogLevel, DefaultArgs>'.
src/auth/__tests__/auth.service.test.ts(28,13): error TS2339: Property 'user' does not exist on type 'PrismaClient<PrismaClientOptions, LogLevel, DefaultArgs>'.
src/auth/__tests__/auth.service.test.ts(30,43): error TS2554: Expected 7 arguments, but got 3.
src/auth/__tests__/auth.service.test.ts(37,24): error TS2339: Property 'name' does not exist on type '{ token: string; id_persona: string; nombres: string; apellidos: string; id_tipo_doc_identidad: string; num_doc_identidad: string; numero_celular: string; fecha_registro: Date; correo_electronico: string; ... 6 more ...; id_programa_academico: string; }'.
src/auth/__tests__/auth.service.test.ts(38,24): error TS2339: Property 'email' does not exist on type '{ token: string; id_persona: string; nombres: string; apellidos: string; id_tipo_doc_identidad: string; num_doc_identidad: string; numero_celular: string; fecha_registro: Date; correo_electronico: string; ... 6 more ...; id_programa_academico: string; }'.
src/auth/__tests__/auth.service.test.ts(39,19): error TS2339: Property 'user' does not exist on type 'PrismaClient<PrismaClientOptions, LogLevel, DefaultArgs>'.
src/common/middleware/BudgetMiddleware.ts(2,15): error TS2305: Module '"@prisma/client"' has no exported member 'Budget'.
src/common/middleware/BudgetMiddleware.ts(28,35): error TS2339: Property 'budget' does not exist on type 'PrismaClient<PrismaClientOptions, LogLevel, DefaultArgs>'.
src/common/middleware/BudgetMiddleware.ts(38,34): error TS2339: Property 'id' does not exist on type 'Partial<{ token: string; id_persona: string; nombres: string; apellidos: string; id_tipo_doc_identidad: string; num_doc_identidad: string; numero_celular: string; fecha_registro: Date; correo_electronico: string; ... 6 more ...; id_programa_academico: string; }>'.
src/common/middleware/BudgetMiddleware.ts(63,35): error TS2339: Property 'budget' does not exist on type 'PrismaClient<PrismaClientOptions, LogLevel, DefaultArgs>'.
src/common/middleware/ExpenseMiddleware.ts(2,15): error TS2305: Module '"@prisma/client"' has no exported member 'Expense'.
src/common/middleware/ExpenseMiddleware.ts(22,36): error TS2339: Property 'expense' does not exist on type 'PrismaClient<PrismaClientOptions, LogLevel, DefaultArgs>'.
src/common/middleware/ExpenseMiddleware.ts(55,36): error TS2339: Property 'expense' does not exist on type 'PrismaClient<PrismaClientOptions, LogLevel, DefaultArgs>'.
src/common/middleware/ExpenseMiddleware.ts(68,42): error TS2339: Property 'id' does not exist on type 'Partial<{ token: string; id_persona: string; nombres: string; apellidos: string; id_tipo_doc_identidad: string; num_doc_identidad: string; numero_celular: string; fecha_registro: Date; correo_electronico: string; ... 6 more ...; id_programa_academico: string; }>'.
src/common/middleware/ExpenseMiddleware.ts(92,36): error TS2339: Property 'expense' does not exist on type 'PrismaClient<PrismaClientOptions, LogLevel, DefaultArgs>'.
